python : 2025-12-29 21:33:57,903 INFO \u2705 OAuth 1.0 session created with consumer key
At line:1 char:108
+ ... onnector" ; python test_jera_full_injection.py > test.log 2>&1 ; Get- ...
+                 ~~~~~~~~~~~~~~~~~~~~~~~~~~~~~~~~~~~~~~~~~~~~~~~~~~
    + CategoryInfo          : NotSpecified: (2025-12-29 21:3...th consumer key:String) [], RemoteException
    + FullyQualifiedErrorId : NativeCommandError
 
2025-12-29 21:33:57,904 INFO \u2705 TripleSeatAPIClient initialized with OAuth 1.0 signature authentication
2025-12-29 21:33:59,023 INFO  Response: HTTP 200, Content-Type: application/json; charset=utf-8, Body preview: 
{"event":{"id":55521609,"name":"Jon 
Ponder","event_date":"12/28/2025","event_date_iso8601":"2025-12-28","status":"DEFINITE","event_start":"12/28/2025 
6:00 PM","event_end":"12/28/2025 6:15 
PM","event_start_utc":"2025-12-29T02:00:00Z","event_end_utc":"2025-12-29T02:15:00Z","event_start_iso8601":"2025-
2025-12-29 21:33:59,023 INFO \u2705 [get_event] Retrieved event 55521609 via OAuth 1.0
2025-12-29 21:33:59,024 INFO [req-test] Fetching invoice from: 
https://portal.tripleseat.com/doc/84b0295d467c5c1f859639005dba3d4d92289138/296467
2025-12-29 21:34:00,271 INFO [req-test] Extracted guest name from invoice: 'Jon Ponder'
2025-12-29 21:34:00,271 INFO [req-test] Found invoice items section
2025-12-29 21:34:00,272 INFO [req-test] Parsed item: OG x8 (full: OG - Glazed raised ring)
2025-12-29 21:34:00,272 INFO [req-test] Parsed item: TRIPLE OG x8 (full: TRIPLE OG - Chocolate frosted raised ring)
2025-12-29 21:34:00,272 INFO [req-test] Parsed item: SUGA DADDY x8 (full: SUGA DADDY - Vanilla sugar raised ring)
2025-12-29 21:34:00,272 INFO [req-test] Parsed item: FEELIN' TOASTY x8 (full: FEELIN' TOASTY - Glazed raised ring 
rolled in toasted coconut)
2025-12-29 21:34:00,272 INFO [req-test] Parsed item: CHOCOLATE RAINBOW RING x8 (full: CHOCOLATE RAINBOW RING - 
Chocolate frosted raised ring topped with rainbow sprinkles)
2025-12-29 21:34:00,272 INFO [req-test] Parsed item: PINK RAINBOW RING x8 (full: PINK RAINBOW RING - Pink frosted 
raised ring topped with Rainbow Sprinkles)
2025-12-29 21:34:00,272 INFO [req-test] Parsed item: OL' FASHIONED x8 (full: OL' FASHIONED - Glazed cake OlÆ 
Fashioned doughnut)
2025-12-29 21:34:00,272 INFO [req-test] Parsed item: MAPLE BAR x8 (full: MAPLE BAR - Maple frosted raised bar)
2025-12-29 21:34:00,272 INFO [req-test] Parsed item: FUDGY WUDGY x8 (full: FUDGY WUDGY - Chocolate frosted glazed 
chocolate cake)
2025-12-29 21:34:00,272 INFO [req-test] Parsed item: HEY BLONDIE x8 (full: HEY BLONDIE - Maple frosted vanilla 
cake)
2025-12-29 21:34:00,273 INFO [req-test] Extracted 10 items from invoice
2025-12-29 21:34:00,275 INFO \u2705 SupplyItAPIClient initialized with credentials
2025-12-29 21:34:01,144 INFO [get_location_by_code] Found location code '8' with ID 27139
2025-12-29 21:34:02,742 WARNING [get_product_by_name] Product 'OG' not found in location code '8'
2025-12-29 21:34:04,390 INFO [get_product_by_name] Found product 'TRIPLE OG' with ID 2337610
2025-12-29 21:34:06,067 INFO [get_product_by_name] Found product 'SUGA DADDY' with ID 2335567
2025-12-29 21:34:07,807 INFO [get_product_by_name] Found product 'FEELIN' TOASTY' with ID 2335489
2025-12-29 21:34:09,442 INFO [get_product_by_name] Found product 'CHOCOLATE RAINBOW RING' with ID 2335485
2025-12-29 21:34:11,184 INFO [get_product_by_name] Found product 'PINK RAINBOW RING' with ID 2335561
2025-12-29 21:34:13,037 INFO [get_product_by_name] Found product 'OL' FASHIONED' with ID 2335560
2025-12-29 21:34:14,880 INFO [get_product_by_name] Found product 'MAPLE BAR' with ID 2335498
2025-12-29 21:34:16,716 INFO [get_product_by_name] Found product 'FUDGY WUDGY' with ID 4041612
2025-12-29 21:34:18,413 INFO [get_product_by_name] Found product 'HEY BLONDIE' with ID 4056425
2025-12-29 21:34:18,417 INFO [req-55521609] Creating Supply It order
2025-12-29 21:34:19,269 ERROR [req-55521609] [create_order] HTTP 500: {"message":"An unknown error occurred and 
has been logged"}
======================================================================
TEST: JERA/SUPPLY IT ORDER INJECTION
======================================================================

STEP 1: Fetching event from TripleSeat API
----------------------------------------------------------------------
[OK] Event fetched: Jon Ponder
   Date: 12/28/2025
   Status: DEFINITE
   Total: $108.8

STEP 2: Extracting items from event
----------------------------------------------------------------------
No items in event data, checking for invoice document...
Found invoice, parsing: https://portal.tripleseat.com/doc/84b0295d467c5c1f859639005dba3d4d92289138/296467
Extracted guest name from invoice: Jon Ponder
Found 10 items:
  - OG (Qty: 8, Price: $0)
  - TRIPLE OG (Qty: 8, Price: $0)
  - SUGA DADDY (Qty: 8, Price: $0)
  - FEELIN' TOASTY (Qty: 8, Price: $0)
  - CHOCOLATE RAINBOW RING (Qty: 8, Price: $0)
  - PINK RAINBOW RING (Qty: 8, Price: $0)
  - OL' FASHIONED (Qty: 8, Price: $0)
  - MAPLE BAR (Qty: 8, Price: $0)
  - FUDGY WUDGY (Qty: 8, Price: $0)
  - HEY BLONDIE (Qty: 8, Price: $0)

STEP 3: Connecting to JERA/Supply It
----------------------------------------------------------------------
[OK] Connected to location: C: Special Events (ID: 27139, Code: 8)

STEP 4: Mapping items to JERA products
----------------------------------------------------------------------
[NOT FOUND] OG - skipping
[OK] Found: 'TRIPLE OG' -> Product ID 2337610 (Code: 01-OG-0002)
[OK] Found: 'SUGA DADDY' -> Product ID 2335567 (Code: 01-OG-0003)
[OK] Found: 'FEELIN' TOASTY' -> Product ID 2335489 (Code: 01-OG-0004)
[OK] Found: 'CHOCOLATE RAINBOW RING' -> Product ID 2335485 (Code: 01-OG-0010)
[OK] Found: 'PINK RAINBOW RING' -> Product ID 2335561 (Code: 01-OG-0011)
[OK] Found: 'OL' FASHIONED' -> Product ID 2335560 (Code: 01-OG-0012)
[OK] Found: 'MAPLE BAR' -> Product ID 2335498 (Code: 01-OG-0015)
[OK] Found: 'FUDGY WUDGY' -> Product ID 4041612 (Code: 01-OG-0023)
[OK] Found: 'HEY BLONDIE' -> Product ID 4056425 (Code: 01-OG-0024)

STEP 5: Order structure
----------------------------------------------------------------------
{
  "Location": {
    "ID": 27139,
    "Code": "8",
    "Name": "C: Special Events"
  },
  "Contact": {
    "Name": "Jon Ponder",
    "Code": "DEFAULT"
  },
  "OrderDate": "2025-12-28",
  "OrderItems": [
    {
      "Product": {
        "ID": 2337610,
        "Code": "01-OG-0002",
        "Name": "TRIPLE OG"
      },
      "UnitsOrdered": 8.0,
      "UnitPrice": 1.0
    },
    {
      "Product": {
        "ID": 2335567,
        "Code": "01-OG-0003",
        "Name": "SUGA DADDY"
      },
      "UnitsOrdered": 8.0,
      "UnitPrice": 1.0
    },
    {
      "Product": {
        "ID": 2335489,
        "Code": "01-OG-0004",
        "Name": "FEELIN' TOASTY"
      },
      "UnitsOrdered": 8.0,
      "UnitPrice": 1.0
    },
    {
      "Product": {
        "ID": 2335485,
        "Code": "01-OG-0010",
        "Name": "CHOCOLATE RAINBOW RING"
      },
      "UnitsOrdered": 8.0,
      "UnitPrice": 1.0
    },
    {
      "Product": {
        "ID": 2335561,
        "Code": "01-OG-0011",
        "Name": "PINK RAINBOW RING"
      },
      "UnitsOrdered": 8.0,
      "UnitPrice": 1.0
    },
    {
      "Product": {
        "ID": 2335560,
        "Code": "01-OG-0012",
        "Name": "OL' FASHIONED"
      },
      "UnitsOrdered": 8.0,
      "UnitPrice": 1.0
    },
    {
      "Product": {
        "ID": 2335498,
        "Code": "01-OG-0015",
        "Name": "MAPLE BAR"
      },
      "UnitsOrdered": 8.0,
      "UnitPrice": 1.0
    },
    {
      "Product": {
        "ID": 4041612,
        "Code": "01-OG-0023",
        "Name": "FUDGY WUDGY"
      },
      "UnitsOrdered": 8.0,
      "UnitPrice": 1.0
    },
    {
      "Product": {
        "ID": 4056425,
        "Code": "01-OG-0024",
        "Name": "HEY BLONDIE"
      },
      "UnitsOrdered": 8.0,
      "UnitPrice": 1.0
    }
  ],
  "OrderNotes": "TripleSeat Event 55521609 - Jon Ponder",
  "OrderStatus": "Open"
}

STEP 6: Creating order in JERA
----------------------------------------------------------------------
[ERROR] Order creation failed

======================================================================
[ERROR] TEST FAILED - See details above
======================================================================
